// Jest Snapshot v1, https://goo.gl/fbAQLP

exports[`renders correctly 1`] = `
<View
  style={
    Object {
      "backgroundColor": "#ffffff",
      "flex": 1,
    }
  }
>
  <View
    style={
      Array [
        Object {
          "backgroundColor": "#fff",
          "borderColor": "#bbb",
          "borderTopWidth": 1,
          "marginTop": 20,
        },
        Object {
          "flex": 1,
          "marginTop": 0,
          "padding": 0,
        },
      ]
    }
  >
    <RCTScrollView
      data={
        Array [
          Object {
            "created_at": "2018-03-09T00:00:00Z",
            "id": 2,
            "image": "none",
            "isbn": "9784774184111",
            "published_at": "2018-02-09T00:00:00Z",
            "status": true,
            "tags": Array [],
            "title": "javascript ",
            "updated_at": "2018-03-09T00:00:00Z",
          },
          Object {
            "created_at": "2018-03-12T00:00:00Z",
            "id": 14,
            "image": "none",
            "isbn": "9784774183923",
            "published_at": "2018-02-12T00:00:00Z",
            "status": false,
            "tags": Array [],
            "title": "ghj",
            "updated_at": "2018-03-12T00:00:00Z",
          },
          Object {
            "created_at": "2018-03-13T00:00:00Z",
            "id": 16,
            "image": "none",
            "isbn": "9780004195025",
            "published_at": "2016-04-09T00:00:00Z",
            "status": false,
            "tags": Array [],
            "title": "スターティングGo言語",
            "updated_at": "2018-03-13T00:00:00Z",
          },
          Object {
            "created_at": "2018-03-13T00:00:00Z",
            "id": 17,
            "image": "none",
            "isbn": "9780104195025",
            "published_at": "2016-04-09T00:00:00Z",
            "status": false,
            "tags": Array [],
            "title": "スターティングC言語",
            "updated_at": "2018-03-13T00:00:00Z",
          },
          Object {
            "created_at": "2018-03-13T00:00:00Z",
            "id": 19,
            "image": "none",
            "isbn": "9781111115025",
            "published_at": "2016-04-09T00:00:00Z",
            "status": false,
            "tags": Array [],
            "title": "スターティングC言語",
            "updated_at": "2018-03-13T00:00:00Z",
          },
          Object {
            "created_at": "2018-03-09T00:00:00Z",
            "id": 1,
            "image": "none",
            "isbn": "9784873113944",
            "published_at": "2009-01-26T00:00:00Z",
            "status": false,
            "tags": Array [
              Object {
                "id": 1,
                "name": "Ruby",
              },
            ],
            "title": "プログラミング言語 Ruby",
            "updated_at": "2018-03-09T00:00:00Z",
          },
          Object {
            "created_at": "2018-03-14T00:00:00Z",
            "id": 23,
            "image": "none",
            "isbn": "9780987678909",
            "published_at": "2014-04-09T00:00:00Z",
            "status": false,
            "tags": Array [],
            "title": "スターティングRuby",
            "updated_at": "2018-03-14T00:00:00Z",
          },
          Object {
            "created_at": "2018-03-14T00:00:00Z",
            "id": 25,
            "image": "none",
            "isbn": "9780987678988",
            "published_at": "2014-04-09T00:00:00Z",
            "status": false,
            "tags": Array [],
            "title": "スターティングR",
            "updated_at": "2018-03-14T00:00:00Z",
          },
          Object {
            "created_at": "2018-03-14T00:00:00Z",
            "id": 20,
            "image": "none",
            "isbn": "9780004195095",
            "published_at": "2014-04-09T00:00:00Z",
            "status": true,
            "tags": Array [],
            "title": "スターティングRuby",
            "updated_at": "2018-03-14T00:00:00Z",
          },
          Object {
            "created_at": "2018-03-15T00:00:00Z",
            "id": 26,
            "image": "none",
            "isbn": "9789867165289",
            "published_at": "2016-04-09T00:00:00Z",
            "status": false,
            "tags": Array [],
            "title": "Docker実践ガイド impress top gearシリーズ",
            "updated_at": "2018-03-15T00:00:00Z",
          },
          Object {
            "created_at": "2018-03-15T00:00:00Z",
            "id": 27,
            "image": "none",
            "isbn": "9784949999120",
            "published_at": "2018-02-15T00:00:00Z",
            "status": false,
            "tags": Array [],
            "title": "ReactNative",
            "updated_at": "2018-03-15T00:00:00Z",
          },
          Object {
            "created_at": "2018-03-15T00:00:00Z",
            "id": 28,
            "image": "none",
            "isbn": "9784063300468",
            "published_at": "2018-02-15T00:00:00Z",
            "status": false,
            "tags": Array [
              Object {
                "id": 11,
                "name": "C",
              },
              Object {
                "id": 13,
                "name": "HTML",
              },
              Object {
                "id": 16,
                "name": "PHP",
              },
              Object {
                "id": 1,
                "name": "Ruby",
              },
              Object {
                "id": 2,
                "name": "Android",
              },
            ],
            "title": "タグテスト",
            "updated_at": "2018-03-15T00:00:00Z",
          },
          Object {
            "created_at": "2018-03-15T00:00:00Z",
            "id": 29,
            "image": "none",
            "isbn": "9784797363821",
            "published_at": "2018-02-15T00:00:00Z",
            "status": false,
            "tags": Array [
              Object {
                "id": 12,
                "name": "JavaScript",
              },
            ],
            "title": "ReactNative",
            "updated_at": "2018-03-15T00:00:00Z",
          },
          Object {
            "created_at": "2018-03-15T00:00:00Z",
            "id": 30,
            "image": "none",
            "isbn": "9784797372410",
            "published_at": "2018-02-15T00:00:00Z",
            "status": false,
            "tags": Array [
              Object {
                "id": 1,
                "name": "Ruby",
              },
              Object {
                "id": 2,
                "name": "Android",
              },
            ],
            "title": "React",
            "updated_at": "2018-03-15T00:00:00Z",
          },
          Object {
            "created_at": "2018-03-15T00:00:00Z",
            "id": 33,
            "image": "none",
            "isbn": "9784834002720",
            "published_at": "2018-02-15T00:00:00Z",
            "status": false,
            "tags": Array [
              Object {
                "id": 13,
                "name": "HTML",
              },
              Object {
                "id": 14,
                "name": "CSS",
              },
            ],
            "title": "バーコード最終確認",
            "updated_at": "2018-03-15T00:00:00Z",
          },
          Object {
            "created_at": "2018-03-16T00:00:00Z",
            "id": 34,
            "image": "none",
            "isbn": "9784774193830",
            "published_at": "2017-11-21T00:00:00Z",
            "status": false,
            "tags": Array [
              Object {
                "id": 15,
                "name": "TypeScript",
              },
              Object {
                "id": 17,
                "name": "People",
              },
            ],
            "title": "intellj IDEA",
            "updated_at": "2018-03-16T00:00:00Z",
          },
          Object {
            "created_at": "2018-03-09T00:00:00Z",
            "id": 13,
            "image": "none",
            "isbn": "9784844338154",
            "published_at": "2018-02-09T00:00:00Z",
            "status": false,
            "tags": Array [
              Object {
                "id": 1,
                "name": "Ruby",
              },
            ],
            "title": "基礎Ruby on Rails",
            "updated_at": "2018-03-09T00:00:00Z",
          },
          Object {
            "created_at": "2018-03-16T00:00:00Z",
            "id": 35,
            "image": "none",
            "isbn": "9784774172736",
            "published_at": "2015-05-15T00:00:00Z",
            "status": false,
            "tags": Array [
              Object {
                "id": 12,
                "name": "JavaScript",
              },
            ],
            "title": "jquery",
            "updated_at": "2018-03-16T00:00:00Z",
          },
          Object {
            "created_at": "2018-03-24T00:00:00Z",
            "id": 46,
            "image": "https://s3-ap-northeast-1.amazonaws.com/book-seeker/static/images/SatMar24090349.png",
            "isbn": "9784048678841",
            "published_at": "2010-03-02T00:00:00Z",
            "status": false,
            "tags": Array [],
            "title": "リファクタリングRuby",
            "updated_at": "2018-03-24T00:00:00Z",
          },
          Object {
            "created_at": "2018-03-12T00:00:00Z",
            "id": 15,
            "image": "none",
            "isbn": "9784873115658",
            "published_at": "2016-04-11T00:00:00Z",
            "status": true,
            "tags": Array [],
            "title": "リーダブルコード",
            "updated_at": "2018-03-12T00:00:00Z",
          },
          Object {
            "created_at": "2018-03-24T00:00:00Z",
            "id": 48,
            "image": "https://s3-ap-northeast-1.amazonaws.com/book-seeker/static/images/SatMar24102621.png",
            "isbn": "9784798118154",
            "published_at": "2008-12-03T00:00:00Z",
            "status": false,
            "tags": Array [],
            "title": "zsh最強シェル入門",
            "updated_at": "2018-03-24T00:00:00Z",
          },
          Object {
            "created_at": "2018-03-16T00:00:00Z",
            "id": 36,
            "image": "none",
            "isbn": "9784873114996",
            "published_at": "2018-02-16T00:00:00Z",
            "status": false,
            "tags": Array [
              Object {
                "id": 17,
                "name": "People",
              },
            ],
            "title": "BeingGeek",
            "updated_at": "2018-03-16T00:00:00Z",
          },
          Object {
            "created_at": "2018-03-24T00:00:00Z",
            "id": 47,
            "image": "none",
            "isbn": "9784844365501",
            "published_at": "2015-12-24T00:00:00Z",
            "status": true,
            "tags": Array [],
            "title": "ランディングページデザインメソッド",
            "updated_at": "2018-03-24T00:00:00Z",
          },
          Object {
            "created_at": "2018-03-18T00:00:00Z",
            "id": 43,
            "image": "https://s3-ap-northeast-1.amazonaws.com/book-seeker/static/images/SunMar18111526.png",
            "isbn": "9784569808581",
            "published_at": "2018-02-18T00:00:00Z",
            "status": false,
            "tags": Array [],
            "title": "てすと",
            "updated_at": "2018-03-18T00:00:00Z",
          },
          Object {
            "created_at": "2018-03-24T00:00:00Z",
            "id": 49,
            "image": "none",
            "isbn": "9784865940046",
            "published_at": "2018-03-23T00:00:00Z",
            "status": false,
            "tags": Array [],
            "title": "てすと",
            "updated_at": "2018-03-24T00:00:00Z",
          },
          Object {
            "created_at": "2018-03-24T00:00:00Z",
            "id": 50,
            "image": "none",
            "isbn": "9784048933070",
            "published_at": "2018-02-24T00:00:00Z",
            "status": true,
            "tags": Array [],
            "title": "社畜ちゃん",
            "updated_at": "2018-03-24T00:00:00Z",
          },
          Object {
            "created_at": "2018-03-24T00:00:00Z",
            "id": 51,
            "image": "none",
            "isbn": "9784063766417",
            "published_at": "2018-02-24T00:00:00Z",
            "status": false,
            "tags": Array [],
            "title": "デビルマン",
            "updated_at": "2018-03-24T00:00:00Z",
          },
          Object {
            "created_at": "2018-03-24T00:00:00Z",
            "id": 52,
            "image": "none",
            "isbn": "9784063766424",
            "published_at": "2018-02-24T00:00:00Z",
            "status": false,
            "tags": Array [],
            "title": "デビルマン2",
            "updated_at": "2018-03-24T00:00:00Z",
          },
          Object {
            "created_at": "2018-03-24T00:00:00Z",
            "id": 56,
            "image": "https://s3-ap-northeast-1.amazonaws.com/book-seeker/static/images/SatMar24132702.png",
            "isbn": "9784063766516",
            "published_at": "2018-02-24T00:00:00Z",
            "status": false,
            "tags": Array [],
            "title": "デビルマン3",
            "updated_at": "2018-03-24T00:00:00Z",
          },
          Object {
            "created_at": "2018-03-24T00:00:00Z",
            "id": 58,
            "image": "none",
            "isbn": "9784063766639",
            "published_at": "2018-02-24T00:00:00Z",
            "status": true,
            "tags": Array [
              Object {
                "id": 2,
                "name": "Android",
              },
              Object {
                "id": 10,
                "name": "Python",
              },
            ],
            "title": "デビルマン4",
            "updated_at": "2018-03-24T00:00:00Z",
          },
        ]
      }
      disableVirtualization={false}
      extraData={
        Array [
          Object {
            "created_at": "2018-03-09T00:00:00Z",
            "id": 2,
            "image": "none",
            "isbn": "9784774184111",
            "published_at": "2018-02-09T00:00:00Z",
            "status": true,
            "tags": Array [],
            "title": "javascript ",
            "updated_at": "2018-03-09T00:00:00Z",
          },
          Object {
            "created_at": "2018-03-12T00:00:00Z",
            "id": 14,
            "image": "none",
            "isbn": "9784774183923",
            "published_at": "2018-02-12T00:00:00Z",
            "status": false,
            "tags": Array [],
            "title": "ghj",
            "updated_at": "2018-03-12T00:00:00Z",
          },
          Object {
            "created_at": "2018-03-13T00:00:00Z",
            "id": 16,
            "image": "none",
            "isbn": "9780004195025",
            "published_at": "2016-04-09T00:00:00Z",
            "status": false,
            "tags": Array [],
            "title": "スターティングGo言語",
            "updated_at": "2018-03-13T00:00:00Z",
          },
          Object {
            "created_at": "2018-03-13T00:00:00Z",
            "id": 17,
            "image": "none",
            "isbn": "9780104195025",
            "published_at": "2016-04-09T00:00:00Z",
            "status": false,
            "tags": Array [],
            "title": "スターティングC言語",
            "updated_at": "2018-03-13T00:00:00Z",
          },
          Object {
            "created_at": "2018-03-13T00:00:00Z",
            "id": 19,
            "image": "none",
            "isbn": "9781111115025",
            "published_at": "2016-04-09T00:00:00Z",
            "status": false,
            "tags": Array [],
            "title": "スターティングC言語",
            "updated_at": "2018-03-13T00:00:00Z",
          },
          Object {
            "created_at": "2018-03-09T00:00:00Z",
            "id": 1,
            "image": "none",
            "isbn": "9784873113944",
            "published_at": "2009-01-26T00:00:00Z",
            "status": false,
            "tags": Array [
              Object {
                "id": 1,
                "name": "Ruby",
              },
            ],
            "title": "プログラミング言語 Ruby",
            "updated_at": "2018-03-09T00:00:00Z",
          },
          Object {
            "created_at": "2018-03-14T00:00:00Z",
            "id": 23,
            "image": "none",
            "isbn": "9780987678909",
            "published_at": "2014-04-09T00:00:00Z",
            "status": false,
            "tags": Array [],
            "title": "スターティングRuby",
            "updated_at": "2018-03-14T00:00:00Z",
          },
          Object {
            "created_at": "2018-03-14T00:00:00Z",
            "id": 25,
            "image": "none",
            "isbn": "9780987678988",
            "published_at": "2014-04-09T00:00:00Z",
            "status": false,
            "tags": Array [],
            "title": "スターティングR",
            "updated_at": "2018-03-14T00:00:00Z",
          },
          Object {
            "created_at": "2018-03-14T00:00:00Z",
            "id": 20,
            "image": "none",
            "isbn": "9780004195095",
            "published_at": "2014-04-09T00:00:00Z",
            "status": true,
            "tags": Array [],
            "title": "スターティングRuby",
            "updated_at": "2018-03-14T00:00:00Z",
          },
          Object {
            "created_at": "2018-03-15T00:00:00Z",
            "id": 26,
            "image": "none",
            "isbn": "9789867165289",
            "published_at": "2016-04-09T00:00:00Z",
            "status": false,
            "tags": Array [],
            "title": "Docker実践ガイド impress top gearシリーズ",
            "updated_at": "2018-03-15T00:00:00Z",
          },
          Object {
            "created_at": "2018-03-15T00:00:00Z",
            "id": 27,
            "image": "none",
            "isbn": "9784949999120",
            "published_at": "2018-02-15T00:00:00Z",
            "status": false,
            "tags": Array [],
            "title": "ReactNative",
            "updated_at": "2018-03-15T00:00:00Z",
          },
          Object {
            "created_at": "2018-03-15T00:00:00Z",
            "id": 28,
            "image": "none",
            "isbn": "9784063300468",
            "published_at": "2018-02-15T00:00:00Z",
            "status": false,
            "tags": Array [
              Object {
                "id": 11,
                "name": "C",
              },
              Object {
                "id": 13,
                "name": "HTML",
              },
              Object {
                "id": 16,
                "name": "PHP",
              },
              Object {
                "id": 1,
                "name": "Ruby",
              },
              Object {
                "id": 2,
                "name": "Android",
              },
            ],
            "title": "タグテスト",
            "updated_at": "2018-03-15T00:00:00Z",
          },
          Object {
            "created_at": "2018-03-15T00:00:00Z",
            "id": 29,
            "image": "none",
            "isbn": "9784797363821",
            "published_at": "2018-02-15T00:00:00Z",
            "status": false,
            "tags": Array [
              Object {
                "id": 12,
                "name": "JavaScript",
              },
            ],
            "title": "ReactNative",
            "updated_at": "2018-03-15T00:00:00Z",
          },
          Object {
            "created_at": "2018-03-15T00:00:00Z",
            "id": 30,
            "image": "none",
            "isbn": "9784797372410",
            "published_at": "2018-02-15T00:00:00Z",
            "status": false,
            "tags": Array [
              Object {
                "id": 1,
                "name": "Ruby",
              },
              Object {
                "id": 2,
                "name": "Android",
              },
            ],
            "title": "React",
            "updated_at": "2018-03-15T00:00:00Z",
          },
          Object {
            "created_at": "2018-03-15T00:00:00Z",
            "id": 33,
            "image": "none",
            "isbn": "9784834002720",
            "published_at": "2018-02-15T00:00:00Z",
            "status": false,
            "tags": Array [
              Object {
                "id": 13,
                "name": "HTML",
              },
              Object {
                "id": 14,
                "name": "CSS",
              },
            ],
            "title": "バーコード最終確認",
            "updated_at": "2018-03-15T00:00:00Z",
          },
          Object {
            "created_at": "2018-03-16T00:00:00Z",
            "id": 34,
            "image": "none",
            "isbn": "9784774193830",
            "published_at": "2017-11-21T00:00:00Z",
            "status": false,
            "tags": Array [
              Object {
                "id": 15,
                "name": "TypeScript",
              },
              Object {
                "id": 17,
                "name": "People",
              },
            ],
            "title": "intellj IDEA",
            "updated_at": "2018-03-16T00:00:00Z",
          },
          Object {
            "created_at": "2018-03-09T00:00:00Z",
            "id": 13,
            "image": "none",
            "isbn": "9784844338154",
            "published_at": "2018-02-09T00:00:00Z",
            "status": false,
            "tags": Array [
              Object {
                "id": 1,
                "name": "Ruby",
              },
            ],
            "title": "基礎Ruby on Rails",
            "updated_at": "2018-03-09T00:00:00Z",
          },
          Object {
            "created_at": "2018-03-16T00:00:00Z",
            "id": 35,
            "image": "none",
            "isbn": "9784774172736",
            "published_at": "2015-05-15T00:00:00Z",
            "status": false,
            "tags": Array [
              Object {
                "id": 12,
                "name": "JavaScript",
              },
            ],
            "title": "jquery",
            "updated_at": "2018-03-16T00:00:00Z",
          },
          Object {
            "created_at": "2018-03-24T00:00:00Z",
            "id": 46,
            "image": "https://s3-ap-northeast-1.amazonaws.com/book-seeker/static/images/SatMar24090349.png",
            "isbn": "9784048678841",
            "published_at": "2010-03-02T00:00:00Z",
            "status": false,
            "tags": Array [],
            "title": "リファクタリングRuby",
            "updated_at": "2018-03-24T00:00:00Z",
          },
          Object {
            "created_at": "2018-03-12T00:00:00Z",
            "id": 15,
            "image": "none",
            "isbn": "9784873115658",
            "published_at": "2016-04-11T00:00:00Z",
            "status": true,
            "tags": Array [],
            "title": "リーダブルコード",
            "updated_at": "2018-03-12T00:00:00Z",
          },
          Object {
            "created_at": "2018-03-24T00:00:00Z",
            "id": 48,
            "image": "https://s3-ap-northeast-1.amazonaws.com/book-seeker/static/images/SatMar24102621.png",
            "isbn": "9784798118154",
            "published_at": "2008-12-03T00:00:00Z",
            "status": false,
            "tags": Array [],
            "title": "zsh最強シェル入門",
            "updated_at": "2018-03-24T00:00:00Z",
          },
          Object {
            "created_at": "2018-03-16T00:00:00Z",
            "id": 36,
            "image": "none",
            "isbn": "9784873114996",
            "published_at": "2018-02-16T00:00:00Z",
            "status": false,
            "tags": Array [
              Object {
                "id": 17,
                "name": "People",
              },
            ],
            "title": "BeingGeek",
            "updated_at": "2018-03-16T00:00:00Z",
          },
          Object {
            "created_at": "2018-03-24T00:00:00Z",
            "id": 47,
            "image": "none",
            "isbn": "9784844365501",
            "published_at": "2015-12-24T00:00:00Z",
            "status": true,
            "tags": Array [],
            "title": "ランディングページデザインメソッド",
            "updated_at": "2018-03-24T00:00:00Z",
          },
          Object {
            "created_at": "2018-03-18T00:00:00Z",
            "id": 43,
            "image": "https://s3-ap-northeast-1.amazonaws.com/book-seeker/static/images/SunMar18111526.png",
            "isbn": "9784569808581",
            "published_at": "2018-02-18T00:00:00Z",
            "status": false,
            "tags": Array [],
            "title": "てすと",
            "updated_at": "2018-03-18T00:00:00Z",
          },
          Object {
            "created_at": "2018-03-24T00:00:00Z",
            "id": 49,
            "image": "none",
            "isbn": "9784865940046",
            "published_at": "2018-03-23T00:00:00Z",
            "status": false,
            "tags": Array [],
            "title": "てすと",
            "updated_at": "2018-03-24T00:00:00Z",
          },
          Object {
            "created_at": "2018-03-24T00:00:00Z",
            "id": 50,
            "image": "none",
            "isbn": "9784048933070",
            "published_at": "2018-02-24T00:00:00Z",
            "status": true,
            "tags": Array [],
            "title": "社畜ちゃん",
            "updated_at": "2018-03-24T00:00:00Z",
          },
          Object {
            "created_at": "2018-03-24T00:00:00Z",
            "id": 51,
            "image": "none",
            "isbn": "9784063766417",
            "published_at": "2018-02-24T00:00:00Z",
            "status": false,
            "tags": Array [],
            "title": "デビルマン",
            "updated_at": "2018-03-24T00:00:00Z",
          },
          Object {
            "created_at": "2018-03-24T00:00:00Z",
            "id": 52,
            "image": "none",
            "isbn": "9784063766424",
            "published_at": "2018-02-24T00:00:00Z",
            "status": false,
            "tags": Array [],
            "title": "デビルマン2",
            "updated_at": "2018-03-24T00:00:00Z",
          },
          Object {
            "created_at": "2018-03-24T00:00:00Z",
            "id": 56,
            "image": "https://s3-ap-northeast-1.amazonaws.com/book-seeker/static/images/SatMar24132702.png",
            "isbn": "9784063766516",
            "published_at": "2018-02-24T00:00:00Z",
            "status": false,
            "tags": Array [],
            "title": "デビルマン3",
            "updated_at": "2018-03-24T00:00:00Z",
          },
          Object {
            "created_at": "2018-03-24T00:00:00Z",
            "id": 58,
            "image": "none",
            "isbn": "9784063766639",
            "published_at": "2018-02-24T00:00:00Z",
            "status": true,
            "tags": Array [
              Object {
                "id": 2,
                "name": "Android",
              },
              Object {
                "id": 10,
                "name": "Python",
              },
            ],
            "title": "デビルマン4",
            "updated_at": "2018-03-24T00:00:00Z",
          },
        ]
      }
      getItem={[Function]}
      getItemCount={[Function]}
      horizontal={false}
      initialNumToRender={10}
      keyExtractor={[Function]}
      maxToRenderPerBatch={10}
      numColumns={1}
      onContentSizeChange={[Function]}
      onEndReachedThreshold={2}
      onLayout={[Function]}
      onMomentumScrollEnd={[Function]}
      onRefresh={[MockFunction]}
      onScroll={[Function]}
      onScrollBeginDrag={[Function]}
      onScrollEndDrag={[Function]}
      refreshControl={
        <RefreshControlMock
          onRefresh={[MockFunction]}
          progressViewOffset={undefined}
          refreshing={false}
        />
      }
      refreshing={false}
      renderItem={[Function]}
      scrollEventThrottle={50}
      stickyHeaderIndices={Array []}
      updateCellsBatchingPeriod={50}
      viewabilityConfigCallbackPairs={Array []}
      windowSize={21}
    >
      <RCTRefreshControl />
      <View>
        <View
          onLayout={[Function]}
          style={null}
        >
          <View
            accessibilityComponentType={undefined}
            accessibilityLabel={undefined}
            accessibilityTraits={undefined}
            accessible={true}
            hasTVPreferredFocus={undefined}
            hitSlop={undefined}
            isTVSelectable={true}
            nativeID={undefined}
            onLayout={undefined}
            onResponderGrant={[Function]}
            onResponderMove={[Function]}
            onResponderRelease={[Function]}
            onResponderTerminate={[Function]}
            onResponderTerminationRequest={[Function]}
            onStartShouldSetResponder={[Function]}
            style={
              Array [
                Object {
                  "backgroundColor": "transparent",
                  "borderBottomColor": "#bbb",
                  "borderBottomWidth": 1,
                  "paddingBottom": 10,
                  "paddingRight": 10,
                  "paddingTop": 10,
                },
                undefined,
                false,
                false,
              ]
            }
            testID={undefined}
            tvParallaxProperties={undefined}
          >
            <View
              style={
                Array [
                  Object {
                    "alignItems": "center",
                    "flexDirection": "row",
                    "marginLeft": 10,
                  },
                  undefined,
                ]
              }
            >
              <View
                style={
                  Object {
                    "flex": 1,
                    "justifyContent": "center",
                  }
                }
              >
                <View
                  style={undefined}
                >
                  <Text
                    accessible={true}
                    allowFontScaling={true}
                    ellipsizeMode="tail"
                    numberOfLines={1}
                    style={
                      Array [
                        Object {},
                        undefined,
                        undefined,
                        undefined,
                        undefined,
                        undefined,
                        undefined,
                        undefined,
                        undefined,
                        undefined,
                        Array [
                          Object {
                            "color": "#43484d",
                            "fontSize": 17.5,
                          },
                          Object {
                            "marginLeft": 10,
                          },
                          undefined,
                          undefined,
                        ],
                      ]
                    }
                  >
                    javascript 
                  </Text>
                </View>
                <View
                  style={undefined}
                >
                  <View>
                    <View
                      style={
                        Object {
                          "flexDirection": "row",
                          "paddingLeft": 10,
                          "paddingTop": 5,
                        }
                      }
                    />
                  </View>
                </View>
              </View>
              <Text
                accessible={true}
                allowFontScaling={true}
                ellipsizeMode="tail"
              />
              <View
                accessibilityComponentType={undefined}
                accessibilityLabel={undefined}
                accessibilityTraits={undefined}
                accessible={true}
                collapsable={undefined}
                hasTVPreferredFocus={undefined}
                hitSlop={undefined}
                isTVSelectable={true}
                nativeID={undefined}
                onLayout={undefined}
                onResponderGrant={[Function]}
                onResponderMove={[Function]}
                onResponderRelease={[Function]}
                onResponderTerminate={[Function]}
                onResponderTerminationRequest={[Function]}
                onStartShouldSetResponder={[Function]}
                style={
                  Object {
                    "alignItems": "flex-end",
                    "justifyContent": "center",
                    "opacity": 1,
                  }
                }
                testID={undefined}
                tvParallaxProperties={undefined}
              >
                <View
                  onPress={undefined}
                  style={
                    Array [
                      false,
                      false,
                      false,
                      Object {
                        "alignItems": "center",
                        "backgroundColor": "transparent",
                        "justifyContent": "center",
                      },
                      undefined,
                    ]
                  }
                  underlayColor="white"
                >
                  <Text
                    accessible={true}
                    allowFontScaling={false}
                    ellipsizeMode="tail"
                    style={
                      Array [
                        Object {
                          "color": "#c0c0c0",
                          "fontSize": 28,
                        },
                        Array [
                          Object {
                            "backgroundColor": "transparent",
                          },
                          undefined,
                        ],
                        Object {
                          "fontFamily": "Material Icons",
                          "fontStyle": "normal",
                          "fontWeight": "normal",
                        },
                      ]
                    }
                  >
                    
                  </Text>
                </View>
              </View>
            </View>
          </View>
        </View>
        <View
          onLayout={[Function]}
          style={null}
        >
          <View
            accessibilityComponentType={undefined}
            accessibilityLabel={undefined}
            accessibilityTraits={undefined}
            accessible={true}
            hasTVPreferredFocus={undefined}
            hitSlop={undefined}
            isTVSelectable={true}
            nativeID={undefined}
            onLayout={undefined}
            onResponderGrant={[Function]}
            onResponderMove={[Function]}
            onResponderRelease={[Function]}
            onResponderTerminate={[Function]}
            onResponderTerminationRequest={[Function]}
            onStartShouldSetResponder={[Function]}
            style={
              Array [
                Object {
                  "backgroundColor": "transparent",
                  "borderBottomColor": "#bbb",
                  "borderBottomWidth": 1,
                  "paddingBottom": 10,
                  "paddingRight": 10,
                  "paddingTop": 10,
                },
                undefined,
                false,
                false,
              ]
            }
            testID={undefined}
            tvParallaxProperties={undefined}
          >
            <View
              style={
                Array [
                  Object {
                    "alignItems": "center",
                    "flexDirection": "row",
                    "marginLeft": 10,
                  },
                  undefined,
                ]
              }
            >
              <View
                style={
                  Object {
                    "flex": 1,
                    "justifyContent": "center",
                  }
                }
              >
                <View
                  style={undefined}
                >
                  <Text
                    accessible={true}
                    allowFontScaling={true}
                    ellipsizeMode="tail"
                    numberOfLines={1}
                    style={
                      Array [
                        Object {},
                        undefined,
                        undefined,
                        undefined,
                        undefined,
                        undefined,
                        undefined,
                        undefined,
                        undefined,
                        undefined,
                        Array [
                          Object {
                            "color": "#43484d",
                            "fontSize": 17.5,
                          },
                          Object {
                            "marginLeft": 10,
                          },
                          undefined,
                          undefined,
                        ],
                      ]
                    }
                  >
                    ghj
                  </Text>
                </View>
                <View
                  style={undefined}
                >
                  <View>
                    <View
                      style={
                        Object {
                          "flexDirection": "row",
                          "paddingLeft": 10,
                          "paddingTop": 5,
                        }
                      }
                    />
                  </View>
                </View>
              </View>
              <Text
                accessible={true}
                allowFontScaling={true}
                ellipsizeMode="tail"
              />
              <View
                accessibilityComponentType={undefined}
                accessibilityLabel={undefined}
                accessibilityTraits={undefined}
                accessible={true}
                collapsable={undefined}
                hasTVPreferredFocus={undefined}
                hitSlop={undefined}
                isTVSelectable={true}
                nativeID={undefined}
                onLayout={undefined}
                onResponderGrant={[Function]}
                onResponderMove={[Function]}
                onResponderRelease={[Function]}
                onResponderTerminate={[Function]}
                onResponderTerminationRequest={[Function]}
                onStartShouldSetResponder={[Function]}
                style={
                  Object {
                    "alignItems": "flex-end",
                    "justifyContent": "center",
                    "opacity": 1,
                  }
                }
                testID={undefined}
                tvParallaxProperties={undefined}
              >
                <View
                  onPress={undefined}
                  style={
                    Array [
                      false,
                      false,
                      false,
                      Object {
                        "alignItems": "center",
                        "backgroundColor": "transparent",
                        "justifyContent": "center",
                      },
                      undefined,
                    ]
                  }
                  underlayColor="white"
                >
                  <Text
                    accessible={true}
                    allowFontScaling={false}
                    ellipsizeMode="tail"
                    style={
                      Array [
                        Object {
                          "color": "#c0c0c0",
                          "fontSize": 28,
                        },
                        Array [
                          Object {
                            "backgroundColor": "transparent",
                          },
                          undefined,
                        ],
                        Object {
                          "fontFamily": "Material Icons",
                          "fontStyle": "normal",
                          "fontWeight": "normal",
                        },
                      ]
                    }
                  >
                    
                  </Text>
                </View>
              </View>
            </View>
          </View>
        </View>
        <View
          onLayout={[Function]}
          style={null}
        >
          <View
            accessibilityComponentType={undefined}
            accessibilityLabel={undefined}
            accessibilityTraits={undefined}
            accessible={true}
            hasTVPreferredFocus={undefined}
            hitSlop={undefined}
            isTVSelectable={true}
            nativeID={undefined}
            onLayout={undefined}
            onResponderGrant={[Function]}
            onResponderMove={[Function]}
            onResponderRelease={[Function]}
            onResponderTerminate={[Function]}
            onResponderTerminationRequest={[Function]}
            onStartShouldSetResponder={[Function]}
            style={
              Array [
                Object {
                  "backgroundColor": "transparent",
                  "borderBottomColor": "#bbb",
                  "borderBottomWidth": 1,
                  "paddingBottom": 10,
                  "paddingRight": 10,
                  "paddingTop": 10,
                },
                undefined,
                false,
                false,
              ]
            }
            testID={undefined}
            tvParallaxProperties={undefined}
          >
            <View
              style={
                Array [
                  Object {
                    "alignItems": "center",
                    "flexDirection": "row",
                    "marginLeft": 10,
                  },
                  undefined,
                ]
              }
            >
              <View
                style={
                  Object {
                    "flex": 1,
                    "justifyContent": "center",
                  }
                }
              >
                <View
                  style={undefined}
                >
                  <Text
                    accessible={true}
                    allowFontScaling={true}
                    ellipsizeMode="tail"
                    numberOfLines={1}
                    style={
                      Array [
                        Object {},
                        undefined,
                        undefined,
                        undefined,
                        undefined,
                        undefined,
                        undefined,
                        undefined,
                        undefined,
                        undefined,
                        Array [
                          Object {
                            "color": "#43484d",
                            "fontSize": 17.5,
                          },
                          Object {
                            "marginLeft": 10,
                          },
                          undefined,
                          undefined,
                        ],
                      ]
                    }
                  >
                    スターティングGo言語
                  </Text>
                </View>
                <View
                  style={undefined}
                >
                  <View>
                    <View
                      style={
                        Object {
                          "flexDirection": "row",
                          "paddingLeft": 10,
                          "paddingTop": 5,
                        }
                      }
                    />
                  </View>
                </View>
              </View>
              <Text
                accessible={true}
                allowFontScaling={true}
                ellipsizeMode="tail"
              />
              <View
                accessibilityComponentType={undefined}
                accessibilityLabel={undefined}
                accessibilityTraits={undefined}
                accessible={true}
                collapsable={undefined}
                hasTVPreferredFocus={undefined}
                hitSlop={undefined}
                isTVSelectable={true}
                nativeID={undefined}
                onLayout={undefined}
                onResponderGrant={[Function]}
                onResponderMove={[Function]}
                onResponderRelease={[Function]}
                onResponderTerminate={[Function]}
                onResponderTerminationRequest={[Function]}
                onStartShouldSetResponder={[Function]}
                style={
                  Object {
                    "alignItems": "flex-end",
                    "justifyContent": "center",
                    "opacity": 1,
                  }
                }
                testID={undefined}
                tvParallaxProperties={undefined}
              >
                <View
                  onPress={undefined}
                  style={
                    Array [
                      false,
                      false,
                      false,
                      Object {
                        "alignItems": "center",
                        "backgroundColor": "transparent",
                        "justifyContent": "center",
                      },
                      undefined,
                    ]
                  }
                  underlayColor="white"
                >
                  <Text
                    accessible={true}
                    allowFontScaling={false}
                    ellipsizeMode="tail"
                    style={
                      Array [
                        Object {
                          "color": "#c0c0c0",
                          "fontSize": 28,
                        },
                        Array [
                          Object {
                            "backgroundColor": "transparent",
                          },
                          undefined,
                        ],
                        Object {
                          "fontFamily": "Material Icons",
                          "fontStyle": "normal",
                          "fontWeight": "normal",
                        },
                      ]
                    }
                  >
                    
                  </Text>
                </View>
              </View>
            </View>
          </View>
        </View>
        <View
          onLayout={[Function]}
          style={null}
        >
          <View
            accessibilityComponentType={undefined}
            accessibilityLabel={undefined}
            accessibilityTraits={undefined}
            accessible={true}
            hasTVPreferredFocus={undefined}
            hitSlop={undefined}
            isTVSelectable={true}
            nativeID={undefined}
            onLayout={undefined}
            onResponderGrant={[Function]}
            onResponderMove={[Function]}
            onResponderRelease={[Function]}
            onResponderTerminate={[Function]}
            onResponderTerminationRequest={[Function]}
            onStartShouldSetResponder={[Function]}
            style={
              Array [
                Object {
                  "backgroundColor": "transparent",
                  "borderBottomColor": "#bbb",
                  "borderBottomWidth": 1,
                  "paddingBottom": 10,
                  "paddingRight": 10,
                  "paddingTop": 10,
                },
                undefined,
                false,
                false,
              ]
            }
            testID={undefined}
            tvParallaxProperties={undefined}
          >
            <View
              style={
                Array [
                  Object {
                    "alignItems": "center",
                    "flexDirection": "row",
                    "marginLeft": 10,
                  },
                  undefined,
                ]
              }
            >
              <View
                style={
                  Object {
                    "flex": 1,
                    "justifyContent": "center",
                  }
                }
              >
                <View
                  style={undefined}
                >
                  <Text
                    accessible={true}
                    allowFontScaling={true}
                    ellipsizeMode="tail"
                    numberOfLines={1}
                    style={
                      Array [
                        Object {},
                        undefined,
                        undefined,
                        undefined,
                        undefined,
                        undefined,
                        undefined,
                        undefined,
                        undefined,
                        undefined,
                        Array [
                          Object {
                            "color": "#43484d",
                            "fontSize": 17.5,
                          },
                          Object {
                            "marginLeft": 10,
                          },
                          undefined,
                          undefined,
                        ],
                      ]
                    }
                  >
                    スターティングC言語
                  </Text>
                </View>
                <View
                  style={undefined}
                >
                  <View>
                    <View
                      style={
                        Object {
                          "flexDirection": "row",
                          "paddingLeft": 10,
                          "paddingTop": 5,
                        }
                      }
                    />
                  </View>
                </View>
              </View>
              <Text
                accessible={true}
                allowFontScaling={true}
                ellipsizeMode="tail"
              />
              <View
                accessibilityComponentType={undefined}
                accessibilityLabel={undefined}
                accessibilityTraits={undefined}
                accessible={true}
                collapsable={undefined}
                hasTVPreferredFocus={undefined}
                hitSlop={undefined}
                isTVSelectable={true}
                nativeID={undefined}
                onLayout={undefined}
                onResponderGrant={[Function]}
                onResponderMove={[Function]}
                onResponderRelease={[Function]}
                onResponderTerminate={[Function]}
                onResponderTerminationRequest={[Function]}
                onStartShouldSetResponder={[Function]}
                style={
                  Object {
                    "alignItems": "flex-end",
                    "justifyContent": "center",
                    "opacity": 1,
                  }
                }
                testID={undefined}
                tvParallaxProperties={undefined}
              >
                <View
                  onPress={undefined}
                  style={
                    Array [
                      false,
                      false,
                      false,
                      Object {
                        "alignItems": "center",
                        "backgroundColor": "transparent",
                        "justifyContent": "center",
                      },
                      undefined,
                    ]
                  }
                  underlayColor="white"
                >
                  <Text
                    accessible={true}
                    allowFontScaling={false}
                    ellipsizeMode="tail"
                    style={
                      Array [
                        Object {
                          "color": "#c0c0c0",
                          "fontSize": 28,
                        },
                        Array [
                          Object {
                            "backgroundColor": "transparent",
                          },
                          undefined,
                        ],
                        Object {
                          "fontFamily": "Material Icons",
                          "fontStyle": "normal",
                          "fontWeight": "normal",
                        },
                      ]
                    }
                  >
                    
                  </Text>
                </View>
              </View>
            </View>
          </View>
        </View>
        <View
          onLayout={[Function]}
          style={null}
        >
          <View
            accessibilityComponentType={undefined}
            accessibilityLabel={undefined}
            accessibilityTraits={undefined}
            accessible={true}
            hasTVPreferredFocus={undefined}
            hitSlop={undefined}
            isTVSelectable={true}
            nativeID={undefined}
            onLayout={undefined}
            onResponderGrant={[Function]}
            onResponderMove={[Function]}
            onResponderRelease={[Function]}
            onResponderTerminate={[Function]}
            onResponderTerminationRequest={[Function]}
            onStartShouldSetResponder={[Function]}
            style={
              Array [
                Object {
                  "backgroundColor": "transparent",
                  "borderBottomColor": "#bbb",
                  "borderBottomWidth": 1,
                  "paddingBottom": 10,
                  "paddingRight": 10,
                  "paddingTop": 10,
                },
                undefined,
                false,
                false,
              ]
            }
            testID={undefined}
            tvParallaxProperties={undefined}
          >
            <View
              style={
                Array [
                  Object {
                    "alignItems": "center",
                    "flexDirection": "row",
                    "marginLeft": 10,
                  },
                  undefined,
                ]
              }
            >
              <View
                style={
                  Object {
                    "flex": 1,
                    "justifyContent": "center",
                  }
                }
              >
                <View
                  style={undefined}
                >
                  <Text
                    accessible={true}
                    allowFontScaling={true}
                    ellipsizeMode="tail"
                    numberOfLines={1}
                    style={
                      Array [
                        Object {},
                        undefined,
                        undefined,
                        undefined,
                        undefined,
                        undefined,
                        undefined,
                        undefined,
                        undefined,
                        undefined,
                        Array [
                          Object {
                            "color": "#43484d",
                            "fontSize": 17.5,
                          },
                          Object {
                            "marginLeft": 10,
                          },
                          undefined,
                          undefined,
                        ],
                      ]
                    }
                  >
                    スターティングC言語
                  </Text>
                </View>
                <View
                  style={undefined}
                >
                  <View>
                    <View
                      style={
                        Object {
                          "flexDirection": "row",
                          "paddingLeft": 10,
                          "paddingTop": 5,
                        }
                      }
                    />
                  </View>
                </View>
              </View>
              <Text
                accessible={true}
                allowFontScaling={true}
                ellipsizeMode="tail"
              />
              <View
                accessibilityComponentType={undefined}
                accessibilityLabel={undefined}
                accessibilityTraits={undefined}
                accessible={true}
                collapsable={undefined}
                hasTVPreferredFocus={undefined}
                hitSlop={undefined}
                isTVSelectable={true}
                nativeID={undefined}
                onLayout={undefined}
                onResponderGrant={[Function]}
                onResponderMove={[Function]}
                onResponderRelease={[Function]}
                onResponderTerminate={[Function]}
                onResponderTerminationRequest={[Function]}
                onStartShouldSetResponder={[Function]}
                style={
                  Object {
                    "alignItems": "flex-end",
                    "justifyContent": "center",
                    "opacity": 1,
                  }
                }
                testID={undefined}
                tvParallaxProperties={undefined}
              >
                <View
                  onPress={undefined}
                  style={
                    Array [
                      false,
                      false,
                      false,
                      Object {
                        "alignItems": "center",
                        "backgroundColor": "transparent",
                        "justifyContent": "center",
                      },
                      undefined,
                    ]
                  }
                  underlayColor="white"
                >
                  <Text
                    accessible={true}
                    allowFontScaling={false}
                    ellipsizeMode="tail"
                    style={
                      Array [
                        Object {
                          "color": "#c0c0c0",
                          "fontSize": 28,
                        },
                        Array [
                          Object {
                            "backgroundColor": "transparent",
                          },
                          undefined,
                        ],
                        Object {
                          "fontFamily": "Material Icons",
                          "fontStyle": "normal",
                          "fontWeight": "normal",
                        },
                      ]
                    }
                  >
                    
                  </Text>
                </View>
              </View>
            </View>
          </View>
        </View>
        <View
          onLayout={[Function]}
          style={null}
        >
          <View
            accessibilityComponentType={undefined}
            accessibilityLabel={undefined}
            accessibilityTraits={undefined}
            accessible={true}
            hasTVPreferredFocus={undefined}
            hitSlop={undefined}
            isTVSelectable={true}
            nativeID={undefined}
            onLayout={undefined}
            onResponderGrant={[Function]}
            onResponderMove={[Function]}
            onResponderRelease={[Function]}
            onResponderTerminate={[Function]}
            onResponderTerminationRequest={[Function]}
            onStartShouldSetResponder={[Function]}
            style={
              Array [
                Object {
                  "backgroundColor": "transparent",
                  "borderBottomColor": "#bbb",
                  "borderBottomWidth": 1,
                  "paddingBottom": 10,
                  "paddingRight": 10,
                  "paddingTop": 10,
                },
                undefined,
                false,
                false,
              ]
            }
            testID={undefined}
            tvParallaxProperties={undefined}
          >
            <View
              style={
                Array [
                  Object {
                    "alignItems": "center",
                    "flexDirection": "row",
                    "marginLeft": 10,
                  },
                  undefined,
                ]
              }
            >
              <View
                style={
                  Object {
                    "flex": 1,
                    "justifyContent": "center",
                  }
                }
              >
                <View
                  style={undefined}
                >
                  <Text
                    accessible={true}
                    allowFontScaling={true}
                    ellipsizeMode="tail"
                    numberOfLines={1}
                    style={
                      Array [
                        Object {},
                        undefined,
                        undefined,
                        undefined,
                        undefined,
                        undefined,
                        undefined,
                        undefined,
                        undefined,
                        undefined,
                        Array [
                          Object {
                            "color": "#43484d",
                            "fontSize": 17.5,
                          },
                          Object {
                            "marginLeft": 10,
                          },
                          undefined,
                          undefined,
                        ],
                      ]
                    }
                  >
                    プログラミング言語 Ruby
                  </Text>
                </View>
                <View
                  style={undefined}
                >
                  <View>
                    <View
                      style={
                        Object {
                          "flexDirection": "row",
                          "paddingLeft": 10,
                          "paddingTop": 5,
                        }
                      }
                    >
                      <View
                        style={
                          Object {
                            "flexDirection": "row",
                          }
                        }
                      >
                        <Text
                          accessible={true}
                          allowFontScaling={true}
                          ellipsizeMode="tail"
                          style={
                            Object {
                              "color": "#808080",
                              "paddingRight": 5,
                            }
                          }
                        >
                          <Text
                            accessible={true}
                            allowFontScaling={true}
                            ellipsizeMode="tail"
                          />
                          Ruby
                        </Text>
                      </View>
                    </View>
                  </View>
                </View>
              </View>
              <Text
                accessible={true}
                allowFontScaling={true}
                ellipsizeMode="tail"
              />
              <View
                accessibilityComponentType={undefined}
                accessibilityLabel={undefined}
                accessibilityTraits={undefined}
                accessible={true}
                collapsable={undefined}
                hasTVPreferredFocus={undefined}
                hitSlop={undefined}
                isTVSelectable={true}
                nativeID={undefined}
                onLayout={undefined}
                onResponderGrant={[Function]}
                onResponderMove={[Function]}
                onResponderRelease={[Function]}
                onResponderTerminate={[Function]}
                onResponderTerminationRequest={[Function]}
                onStartShouldSetResponder={[Function]}
                style={
                  Object {
                    "alignItems": "flex-end",
                    "justifyContent": "center",
                    "opacity": 1,
                  }
                }
                testID={undefined}
                tvParallaxProperties={undefined}
              >
                <View
                  onPress={undefined}
                  style={
                    Array [
                      false,
                      false,
                      false,
                      Object {
                        "alignItems": "center",
                        "backgroundColor": "transparent",
                        "justifyContent": "center",
                      },
                      undefined,
                    ]
                  }
                  underlayColor="white"
                >
                  <Text
                    accessible={true}
                    allowFontScaling={false}
                    ellipsizeMode="tail"
                    style={
                      Array [
                        Object {
                          "color": "#c0c0c0",
                          "fontSize": 28,
                        },
                        Array [
                          Object {
                            "backgroundColor": "transparent",
                          },
                          undefined,
                        ],
                        Object {
                          "fontFamily": "Material Icons",
                          "fontStyle": "normal",
                          "fontWeight": "normal",
                        },
                      ]
                    }
                  >
                    
                  </Text>
                </View>
              </View>
            </View>
          </View>
        </View>
        <View
          onLayout={[Function]}
          style={null}
        >
          <View
            accessibilityComponentType={undefined}
            accessibilityLabel={undefined}
            accessibilityTraits={undefined}
            accessible={true}
            hasTVPreferredFocus={undefined}
            hitSlop={undefined}
            isTVSelectable={true}
            nativeID={undefined}
            onLayout={undefined}
            onResponderGrant={[Function]}
            onResponderMove={[Function]}
            onResponderRelease={[Function]}
            onResponderTerminate={[Function]}
            onResponderTerminationRequest={[Function]}
            onStartShouldSetResponder={[Function]}
            style={
              Array [
                Object {
                  "backgroundColor": "transparent",
                  "borderBottomColor": "#bbb",
                  "borderBottomWidth": 1,
                  "paddingBottom": 10,
                  "paddingRight": 10,
                  "paddingTop": 10,
                },
                undefined,
                false,
                false,
              ]
            }
            testID={undefined}
            tvParallaxProperties={undefined}
          >
            <View
              style={
                Array [
                  Object {
                    "alignItems": "center",
                    "flexDirection": "row",
                    "marginLeft": 10,
                  },
                  undefined,
                ]
              }
            >
              <View
                style={
                  Object {
                    "flex": 1,
                    "justifyContent": "center",
                  }
                }
              >
                <View
                  style={undefined}
                >
                  <Text
                    accessible={true}
                    allowFontScaling={true}
                    ellipsizeMode="tail"
                    numberOfLines={1}
                    style={
                      Array [
                        Object {},
                        undefined,
                        undefined,
                        undefined,
                        undefined,
                        undefined,
                        undefined,
                        undefined,
                        undefined,
                        undefined,
                        Array [
                          Object {
                            "color": "#43484d",
                            "fontSize": 17.5,
                          },
                          Object {
                            "marginLeft": 10,
                          },
                          undefined,
                          undefined,
                        ],
                      ]
                    }
                  >
                    スターティングRuby
                  </Text>
                </View>
                <View
                  style={undefined}
                >
                  <View>
                    <View
                      style={
                        Object {
                          "flexDirection": "row",
                          "paddingLeft": 10,
                          "paddingTop": 5,
                        }
                      }
                    />
                  </View>
                </View>
              </View>
              <Text
                accessible={true}
                allowFontScaling={true}
                ellipsizeMode="tail"
              />
              <View
                accessibilityComponentType={undefined}
                accessibilityLabel={undefined}
                accessibilityTraits={undefined}
                accessible={true}
                collapsable={undefined}
                hasTVPreferredFocus={undefined}
                hitSlop={undefined}
                isTVSelectable={true}
                nativeID={undefined}
                onLayout={undefined}
                onResponderGrant={[Function]}
                onResponderMove={[Function]}
                onResponderRelease={[Function]}
                onResponderTerminate={[Function]}
                onResponderTerminationRequest={[Function]}
                onStartShouldSetResponder={[Function]}
                style={
                  Object {
                    "alignItems": "flex-end",
                    "justifyContent": "center",
                    "opacity": 1,
                  }
                }
                testID={undefined}
                tvParallaxProperties={undefined}
              >
                <View
                  onPress={undefined}
                  style={
                    Array [
                      false,
                      false,
                      false,
                      Object {
                        "alignItems": "center",
                        "backgroundColor": "transparent",
                        "justifyContent": "center",
                      },
                      undefined,
                    ]
                  }
                  underlayColor="white"
                >
                  <Text
                    accessible={true}
                    allowFontScaling={false}
                    ellipsizeMode="tail"
                    style={
                      Array [
                        Object {
                          "color": "#c0c0c0",
                          "fontSize": 28,
                        },
                        Array [
                          Object {
                            "backgroundColor": "transparent",
                          },
                          undefined,
                        ],
                        Object {
                          "fontFamily": "Material Icons",
                          "fontStyle": "normal",
                          "fontWeight": "normal",
                        },
                      ]
                    }
                  >
                    
                  </Text>
                </View>
              </View>
            </View>
          </View>
        </View>
        <View
          onLayout={[Function]}
          style={null}
        >
          <View
            accessibilityComponentType={undefined}
            accessibilityLabel={undefined}
            accessibilityTraits={undefined}
            accessible={true}
            hasTVPreferredFocus={undefined}
            hitSlop={undefined}
            isTVSelectable={true}
            nativeID={undefined}
            onLayout={undefined}
            onResponderGrant={[Function]}
            onResponderMove={[Function]}
            onResponderRelease={[Function]}
            onResponderTerminate={[Function]}
            onResponderTerminationRequest={[Function]}
            onStartShouldSetResponder={[Function]}
            style={
              Array [
                Object {
                  "backgroundColor": "transparent",
                  "borderBottomColor": "#bbb",
                  "borderBottomWidth": 1,
                  "paddingBottom": 10,
                  "paddingRight": 10,
                  "paddingTop": 10,
                },
                undefined,
                false,
                false,
              ]
            }
            testID={undefined}
            tvParallaxProperties={undefined}
          >
            <View
              style={
                Array [
                  Object {
                    "alignItems": "center",
                    "flexDirection": "row",
                    "marginLeft": 10,
                  },
                  undefined,
                ]
              }
            >
              <View
                style={
                  Object {
                    "flex": 1,
                    "justifyContent": "center",
                  }
                }
              >
                <View
                  style={undefined}
                >
                  <Text
                    accessible={true}
                    allowFontScaling={true}
                    ellipsizeMode="tail"
                    numberOfLines={1}
                    style={
                      Array [
                        Object {},
                        undefined,
                        undefined,
                        undefined,
                        undefined,
                        undefined,
                        undefined,
                        undefined,
                        undefined,
                        undefined,
                        Array [
                          Object {
                            "color": "#43484d",
                            "fontSize": 17.5,
                          },
                          Object {
                            "marginLeft": 10,
                          },
                          undefined,
                          undefined,
                        ],
                      ]
                    }
                  >
                    スターティングR
                  </Text>
                </View>
                <View
                  style={undefined}
                >
                  <View>
                    <View
                      style={
                        Object {
                          "flexDirection": "row",
                          "paddingLeft": 10,
                          "paddingTop": 5,
                        }
                      }
                    />
                  </View>
                </View>
              </View>
              <Text
                accessible={true}
                allowFontScaling={true}
                ellipsizeMode="tail"
              />
              <View
                accessibilityComponentType={undefined}
                accessibilityLabel={undefined}
                accessibilityTraits={undefined}
                accessible={true}
                collapsable={undefined}
                hasTVPreferredFocus={undefined}
                hitSlop={undefined}
                isTVSelectable={true}
                nativeID={undefined}
                onLayout={undefined}
                onResponderGrant={[Function]}
                onResponderMove={[Function]}
                onResponderRelease={[Function]}
                onResponderTerminate={[Function]}
                onResponderTerminationRequest={[Function]}
                onStartShouldSetResponder={[Function]}
                style={
                  Object {
                    "alignItems": "flex-end",
                    "justifyContent": "center",
                    "opacity": 1,
                  }
                }
                testID={undefined}
                tvParallaxProperties={undefined}
              >
                <View
                  onPress={undefined}
                  style={
                    Array [
                      false,
                      false,
                      false,
                      Object {
                        "alignItems": "center",
                        "backgroundColor": "transparent",
                        "justifyContent": "center",
                      },
                      undefined,
                    ]
                  }
                  underlayColor="white"
                >
                  <Text
                    accessible={true}
                    allowFontScaling={false}
                    ellipsizeMode="tail"
                    style={
                      Array [
                        Object {
                          "color": "#c0c0c0",
                          "fontSize": 28,
                        },
                        Array [
                          Object {
                            "backgroundColor": "transparent",
                          },
                          undefined,
                        ],
                        Object {
                          "fontFamily": "Material Icons",
                          "fontStyle": "normal",
                          "fontWeight": "normal",
                        },
                      ]
                    }
                  >
                    
                  </Text>
                </View>
              </View>
            </View>
          </View>
        </View>
        <View
          onLayout={[Function]}
          style={null}
        >
          <View
            accessibilityComponentType={undefined}
            accessibilityLabel={undefined}
            accessibilityTraits={undefined}
            accessible={true}
            hasTVPreferredFocus={undefined}
            hitSlop={undefined}
            isTVSelectable={true}
            nativeID={undefined}
            onLayout={undefined}
            onResponderGrant={[Function]}
            onResponderMove={[Function]}
            onResponderRelease={[Function]}
            onResponderTerminate={[Function]}
            onResponderTerminationRequest={[Function]}
            onStartShouldSetResponder={[Function]}
            style={
              Array [
                Object {
                  "backgroundColor": "transparent",
                  "borderBottomColor": "#bbb",
                  "borderBottomWidth": 1,
                  "paddingBottom": 10,
                  "paddingRight": 10,
                  "paddingTop": 10,
                },
                undefined,
                false,
                false,
              ]
            }
            testID={undefined}
            tvParallaxProperties={undefined}
          >
            <View
              style={
                Array [
                  Object {
                    "alignItems": "center",
                    "flexDirection": "row",
                    "marginLeft": 10,
                  },
                  undefined,
                ]
              }
            >
              <View
                style={
                  Object {
                    "flex": 1,
                    "justifyContent": "center",
                  }
                }
              >
                <View
                  style={undefined}
                >
                  <Text
                    accessible={true}
                    allowFontScaling={true}
                    ellipsizeMode="tail"
                    numberOfLines={1}
                    style={
                      Array [
                        Object {},
                        undefined,
                        undefined,
                        undefined,
                        undefined,
                        undefined,
                        undefined,
                        undefined,
                        undefined,
                        undefined,
                        Array [
                          Object {
                            "color": "#43484d",
                            "fontSize": 17.5,
                          },
                          Object {
                            "marginLeft": 10,
                          },
                          undefined,
                          undefined,
                        ],
                      ]
                    }
                  >
                    スターティングRuby
                  </Text>
                </View>
                <View
                  style={undefined}
                >
                  <View>
                    <View
                      style={
                        Object {
                          "flexDirection": "row",
                          "paddingLeft": 10,
                          "paddingTop": 5,
                        }
                      }
                    />
                  </View>
                </View>
              </View>
              <Text
                accessible={true}
                allowFontScaling={true}
                ellipsizeMode="tail"
              />
              <View
                accessibilityComponentType={undefined}
                accessibilityLabel={undefined}
                accessibilityTraits={undefined}
                accessible={true}
                collapsable={undefined}
                hasTVPreferredFocus={undefined}
                hitSlop={undefined}
                isTVSelectable={true}
                nativeID={undefined}
                onLayout={undefined}
                onResponderGrant={[Function]}
                onResponderMove={[Function]}
                onResponderRelease={[Function]}
                onResponderTerminate={[Function]}
                onResponderTerminationRequest={[Function]}
                onStartShouldSetResponder={[Function]}
                style={
                  Object {
                    "alignItems": "flex-end",
                    "justifyContent": "center",
                    "opacity": 1,
                  }
                }
                testID={undefined}
                tvParallaxProperties={undefined}
              >
                <View
                  onPress={undefined}
                  style={
                    Array [
                      false,
                      false,
                      false,
                      Object {
                        "alignItems": "center",
                        "backgroundColor": "transparent",
                        "justifyContent": "center",
                      },
                      undefined,
                    ]
                  }
                  underlayColor="white"
                >
                  <Text
                    accessible={true}
                    allowFontScaling={false}
                    ellipsizeMode="tail"
                    style={
                      Array [
                        Object {
                          "color": "#c0c0c0",
                          "fontSize": 28,
                        },
                        Array [
                          Object {
                            "backgroundColor": "transparent",
                          },
                          undefined,
                        ],
                        Object {
                          "fontFamily": "Material Icons",
                          "fontStyle": "normal",
                          "fontWeight": "normal",
                        },
                      ]
                    }
                  >
                    
                  </Text>
                </View>
              </View>
            </View>
          </View>
        </View>
        <View
          onLayout={[Function]}
          style={null}
        >
          <View
            accessibilityComponentType={undefined}
            accessibilityLabel={undefined}
            accessibilityTraits={undefined}
            accessible={true}
            hasTVPreferredFocus={undefined}
            hitSlop={undefined}
            isTVSelectable={true}
            nativeID={undefined}
            onLayout={undefined}
            onResponderGrant={[Function]}
            onResponderMove={[Function]}
            onResponderRelease={[Function]}
            onResponderTerminate={[Function]}
            onResponderTerminationRequest={[Function]}
            onStartShouldSetResponder={[Function]}
            style={
              Array [
                Object {
                  "backgroundColor": "transparent",
                  "borderBottomColor": "#bbb",
                  "borderBottomWidth": 1,
                  "paddingBottom": 10,
                  "paddingRight": 10,
                  "paddingTop": 10,
                },
                undefined,
                false,
                false,
              ]
            }
            testID={undefined}
            tvParallaxProperties={undefined}
          >
            <View
              style={
                Array [
                  Object {
                    "alignItems": "center",
                    "flexDirection": "row",
                    "marginLeft": 10,
                  },
                  undefined,
                ]
              }
            >
              <View
                style={
                  Object {
                    "flex": 1,
                    "justifyContent": "center",
                  }
                }
              >
                <View
                  style={undefined}
                >
                  <Text
                    accessible={true}
                    allowFontScaling={true}
                    ellipsizeMode="tail"
                    numberOfLines={1}
                    style={
                      Array [
                        Object {},
                        undefined,
                        undefined,
                        undefined,
                        undefined,
                        undefined,
                        undefined,
                        undefined,
                        undefined,
                        undefined,
                        Array [
                          Object {
                            "color": "#43484d",
                            "fontSize": 17.5,
                          },
                          Object {
                            "marginLeft": 10,
                          },
                          undefined,
                          undefined,
                        ],
                      ]
                    }
                  >
                    Docker実践ガイド impress top gearシリーズ
                  </Text>
                </View>
                <View
                  style={undefined}
                >
                  <View>
                    <View
                      style={
                        Object {
                          "flexDirection": "row",
                          "paddingLeft": 10,
                          "paddingTop": 5,
                        }
                      }
                    />
                  </View>
                </View>
              </View>
              <Text
                accessible={true}
                allowFontScaling={true}
                ellipsizeMode="tail"
              />
              <View
                accessibilityComponentType={undefined}
                accessibilityLabel={undefined}
                accessibilityTraits={undefined}
                accessible={true}
                collapsable={undefined}
                hasTVPreferredFocus={undefined}
                hitSlop={undefined}
                isTVSelectable={true}
                nativeID={undefined}
                onLayout={undefined}
                onResponderGrant={[Function]}
                onResponderMove={[Function]}
                onResponderRelease={[Function]}
                onResponderTerminate={[Function]}
                onResponderTerminationRequest={[Function]}
                onStartShouldSetResponder={[Function]}
                style={
                  Object {
                    "alignItems": "flex-end",
                    "justifyContent": "center",
                    "opacity": 1,
                  }
                }
                testID={undefined}
                tvParallaxProperties={undefined}
              >
                <View
                  onPress={undefined}
                  style={
                    Array [
                      false,
                      false,
                      false,
                      Object {
                        "alignItems": "center",
                        "backgroundColor": "transparent",
                        "justifyContent": "center",
                      },
                      undefined,
                    ]
                  }
                  underlayColor="white"
                >
                  <Text
                    accessible={true}
                    allowFontScaling={false}
                    ellipsizeMode="tail"
                    style={
                      Array [
                        Object {
                          "color": "#c0c0c0",
                          "fontSize": 28,
                        },
                        Array [
                          Object {
                            "backgroundColor": "transparent",
                          },
                          undefined,
                        ],
                        Object {
                          "fontFamily": "Material Icons",
                          "fontStyle": "normal",
                          "fontWeight": "normal",
                        },
                      ]
                    }
                  >
                    
                  </Text>
                </View>
              </View>
            </View>
          </View>
        </View>
        <View
          style={
            Object {
              "height": 0,
            }
          }
        />
      </View>
    </RCTScrollView>
  </View>
</View>
`;
