// Jest Snapshot v1, https://goo.gl/fbAQLP

exports[`<EntryTagsScreen /> 正しくレンダリングされていること 1`] = `
ShallowWrapper {
  "length": 1,
  Symbol(enzyme.__root__): [Circular],
  Symbol(enzyme.__unrendered__): <EntryTagsScreen
    getAllTags={
      [MockFunction] {
        "calls": Array [
          Array [],
        ],
      }
    }
    image=""
    isbn="9784774184111"
    published="2018-02-09T00:00:00Z"
    tags={
      Array [
        Object {
          "created_at": "2018-03-10T00:00:00Z",
          "id": 1,
          "name": "Ruby",
          "updated_at": "2018-03-10T00:00:00Z",
        },
        Object {
          "created_at": "2018-03-10T00:00:00Z",
          "id": 2,
          "name": "Android",
          "updated_at": "2018-03-10T00:00:00Z",
        },
        Object {
          "created_at": "2018-03-10T00:00:00Z",
          "id": 3,
          "name": "Go",
          "updated_at": "2018-03-10T00:00:00Z",
        },
        Object {
          "created_at": "2018-03-10T00:00:00Z",
          "id": 4,
          "name": "Swift",
          "updated_at": "2018-03-10T00:00:00Z",
        },
        Object {
          "created_at": "2018-03-10T00:00:00Z",
          "id": 10,
          "name": "Python",
          "updated_at": "2018-03-10T00:00:00Z",
        },
        Object {
          "created_at": "2018-03-10T00:00:00Z",
          "id": 11,
          "name": "C",
          "updated_at": "2018-03-10T00:00:00Z",
        },
        Object {
          "created_at": "2018-03-10T00:00:00Z",
          "id": 12,
          "name": "JavaScript",
          "updated_at": "2018-03-10T00:00:00Z",
        },
        Object {
          "created_at": "2018-03-12T00:00:00Z",
          "id": 13,
          "name": "HTML",
          "updated_at": "2018-03-12T00:00:00Z",
        },
        Object {
          "created_at": "2018-03-12T00:00:00Z",
          "id": 14,
          "name": "CSS",
          "updated_at": "2018-03-12T00:00:00Z",
        },
        Object {
          "created_at": "2018-03-12T00:00:00Z",
          "id": 15,
          "name": "TypeScript",
          "updated_at": "2018-03-12T00:00:00Z",
        },
        Object {
          "created_at": "2018-03-12T00:00:00Z",
          "id": 16,
          "name": "PHP",
          "updated_at": "2018-03-12T00:00:00Z",
        },
        Object {
          "created_at": "2018-03-12T00:00:00Z",
          "id": 17,
          "name": "People",
          "updated_at": "2018-03-12T00:00:00Z",
        },
      ]
    }
    title="javascript "
  />,
  Symbol(enzyme.__renderer__): Object {
    "batchedUpdates": [Function],
    "getNode": [Function],
    "render": [Function],
    "simulateEvent": [Function],
    "unmount": [Function],
  },
  Symbol(enzyme.__node__): Object {
    "instance": null,
    "key": undefined,
    "nodeType": "class",
    "props": Object {
      "children": Array [
        <FlatList
          data={
            Array [
              Object {
                "created_at": "2018-03-10T00:00:00Z",
                "id": 1,
                "name": "Ruby",
                "updated_at": "2018-03-10T00:00:00Z",
              },
              Object {
                "created_at": "2018-03-10T00:00:00Z",
                "id": 2,
                "name": "Android",
                "updated_at": "2018-03-10T00:00:00Z",
              },
              Object {
                "created_at": "2018-03-10T00:00:00Z",
                "id": 3,
                "name": "Go",
                "updated_at": "2018-03-10T00:00:00Z",
              },
              Object {
                "created_at": "2018-03-10T00:00:00Z",
                "id": 4,
                "name": "Swift",
                "updated_at": "2018-03-10T00:00:00Z",
              },
              Object {
                "created_at": "2018-03-10T00:00:00Z",
                "id": 10,
                "name": "Python",
                "updated_at": "2018-03-10T00:00:00Z",
              },
              Object {
                "created_at": "2018-03-10T00:00:00Z",
                "id": 11,
                "name": "C",
                "updated_at": "2018-03-10T00:00:00Z",
              },
              Object {
                "created_at": "2018-03-10T00:00:00Z",
                "id": 12,
                "name": "JavaScript",
                "updated_at": "2018-03-10T00:00:00Z",
              },
              Object {
                "created_at": "2018-03-12T00:00:00Z",
                "id": 13,
                "name": "HTML",
                "updated_at": "2018-03-12T00:00:00Z",
              },
              Object {
                "created_at": "2018-03-12T00:00:00Z",
                "id": 14,
                "name": "CSS",
                "updated_at": "2018-03-12T00:00:00Z",
              },
              Object {
                "created_at": "2018-03-12T00:00:00Z",
                "id": 15,
                "name": "TypeScript",
                "updated_at": "2018-03-12T00:00:00Z",
              },
              Object {
                "created_at": "2018-03-12T00:00:00Z",
                "id": 16,
                "name": "PHP",
                "updated_at": "2018-03-12T00:00:00Z",
              },
              Object {
                "created_at": "2018-03-12T00:00:00Z",
                "id": 17,
                "name": "People",
                "updated_at": "2018-03-12T00:00:00Z",
              },
            ]
          }
          disableVirtualization={false}
          extraData={
            Array [
              Object {
                "created_at": "2018-03-10T00:00:00Z",
                "id": 1,
                "name": "Ruby",
                "updated_at": "2018-03-10T00:00:00Z",
              },
              Object {
                "created_at": "2018-03-10T00:00:00Z",
                "id": 2,
                "name": "Android",
                "updated_at": "2018-03-10T00:00:00Z",
              },
              Object {
                "created_at": "2018-03-10T00:00:00Z",
                "id": 3,
                "name": "Go",
                "updated_at": "2018-03-10T00:00:00Z",
              },
              Object {
                "created_at": "2018-03-10T00:00:00Z",
                "id": 4,
                "name": "Swift",
                "updated_at": "2018-03-10T00:00:00Z",
              },
              Object {
                "created_at": "2018-03-10T00:00:00Z",
                "id": 10,
                "name": "Python",
                "updated_at": "2018-03-10T00:00:00Z",
              },
              Object {
                "created_at": "2018-03-10T00:00:00Z",
                "id": 11,
                "name": "C",
                "updated_at": "2018-03-10T00:00:00Z",
              },
              Object {
                "created_at": "2018-03-10T00:00:00Z",
                "id": 12,
                "name": "JavaScript",
                "updated_at": "2018-03-10T00:00:00Z",
              },
              Object {
                "created_at": "2018-03-12T00:00:00Z",
                "id": 13,
                "name": "HTML",
                "updated_at": "2018-03-12T00:00:00Z",
              },
              Object {
                "created_at": "2018-03-12T00:00:00Z",
                "id": 14,
                "name": "CSS",
                "updated_at": "2018-03-12T00:00:00Z",
              },
              Object {
                "created_at": "2018-03-12T00:00:00Z",
                "id": 15,
                "name": "TypeScript",
                "updated_at": "2018-03-12T00:00:00Z",
              },
              Object {
                "created_at": "2018-03-12T00:00:00Z",
                "id": 16,
                "name": "PHP",
                "updated_at": "2018-03-12T00:00:00Z",
              },
              Object {
                "created_at": "2018-03-12T00:00:00Z",
                "id": 17,
                "name": "People",
                "updated_at": "2018-03-12T00:00:00Z",
              },
            ]
          }
          horizontal={false}
          initialNumToRender={10}
          keyExtractor={[Function]}
          maxToRenderPerBatch={10}
          numColumns={1}
          onEndReachedThreshold={2}
          renderItem={[Function]}
          scrollEventThrottle={50}
          style={
            Object {
              "flex": 9,
              "marginTop": 0,
            }
          }
          updateCellsBatchingPeriod={50}
          windowSize={21}
        />,
        <Button
          TouchableComponent={[Function]}
          buttonStyle={
            Object {
              "backgroundColor": "#c0c0c0",
              "borderRadius": 20,
              "borderWidth": 0,
            }
          }
          clear={false}
          containerStyle={
            Object {
              "flex": 1,
            }
          }
          disabled={false}
          icon={
            <Icon
              allowFontScaling={false}
              color="#ffffff"
              name="arrow-right"
              size={15}
            />
          }
          iconRight={true}
          loadingProps={
            Object {
              "color": "white",
              "size": "small",
            }
          }
          onPress={[Function]}
          raised={false}
          title="submit"
        />,
      ],
      "style": Object {
        "backgroundColor": "#ffffff",
        "flex": 1,
      },
    },
    "ref": null,
    "rendered": Array [
      Object {
        "instance": null,
        "key": undefined,
        "nodeType": "class",
        "props": Object {
          "data": Array [
            Object {
              "created_at": "2018-03-10T00:00:00Z",
              "id": 1,
              "name": "Ruby",
              "updated_at": "2018-03-10T00:00:00Z",
            },
            Object {
              "created_at": "2018-03-10T00:00:00Z",
              "id": 2,
              "name": "Android",
              "updated_at": "2018-03-10T00:00:00Z",
            },
            Object {
              "created_at": "2018-03-10T00:00:00Z",
              "id": 3,
              "name": "Go",
              "updated_at": "2018-03-10T00:00:00Z",
            },
            Object {
              "created_at": "2018-03-10T00:00:00Z",
              "id": 4,
              "name": "Swift",
              "updated_at": "2018-03-10T00:00:00Z",
            },
            Object {
              "created_at": "2018-03-10T00:00:00Z",
              "id": 10,
              "name": "Python",
              "updated_at": "2018-03-10T00:00:00Z",
            },
            Object {
              "created_at": "2018-03-10T00:00:00Z",
              "id": 11,
              "name": "C",
              "updated_at": "2018-03-10T00:00:00Z",
            },
            Object {
              "created_at": "2018-03-10T00:00:00Z",
              "id": 12,
              "name": "JavaScript",
              "updated_at": "2018-03-10T00:00:00Z",
            },
            Object {
              "created_at": "2018-03-12T00:00:00Z",
              "id": 13,
              "name": "HTML",
              "updated_at": "2018-03-12T00:00:00Z",
            },
            Object {
              "created_at": "2018-03-12T00:00:00Z",
              "id": 14,
              "name": "CSS",
              "updated_at": "2018-03-12T00:00:00Z",
            },
            Object {
              "created_at": "2018-03-12T00:00:00Z",
              "id": 15,
              "name": "TypeScript",
              "updated_at": "2018-03-12T00:00:00Z",
            },
            Object {
              "created_at": "2018-03-12T00:00:00Z",
              "id": 16,
              "name": "PHP",
              "updated_at": "2018-03-12T00:00:00Z",
            },
            Object {
              "created_at": "2018-03-12T00:00:00Z",
              "id": 17,
              "name": "People",
              "updated_at": "2018-03-12T00:00:00Z",
            },
          ],
          "disableVirtualization": false,
          "extraData": Array [
            Object {
              "created_at": "2018-03-10T00:00:00Z",
              "id": 1,
              "name": "Ruby",
              "updated_at": "2018-03-10T00:00:00Z",
            },
            Object {
              "created_at": "2018-03-10T00:00:00Z",
              "id": 2,
              "name": "Android",
              "updated_at": "2018-03-10T00:00:00Z",
            },
            Object {
              "created_at": "2018-03-10T00:00:00Z",
              "id": 3,
              "name": "Go",
              "updated_at": "2018-03-10T00:00:00Z",
            },
            Object {
              "created_at": "2018-03-10T00:00:00Z",
              "id": 4,
              "name": "Swift",
              "updated_at": "2018-03-10T00:00:00Z",
            },
            Object {
              "created_at": "2018-03-10T00:00:00Z",
              "id": 10,
              "name": "Python",
              "updated_at": "2018-03-10T00:00:00Z",
            },
            Object {
              "created_at": "2018-03-10T00:00:00Z",
              "id": 11,
              "name": "C",
              "updated_at": "2018-03-10T00:00:00Z",
            },
            Object {
              "created_at": "2018-03-10T00:00:00Z",
              "id": 12,
              "name": "JavaScript",
              "updated_at": "2018-03-10T00:00:00Z",
            },
            Object {
              "created_at": "2018-03-12T00:00:00Z",
              "id": 13,
              "name": "HTML",
              "updated_at": "2018-03-12T00:00:00Z",
            },
            Object {
              "created_at": "2018-03-12T00:00:00Z",
              "id": 14,
              "name": "CSS",
              "updated_at": "2018-03-12T00:00:00Z",
            },
            Object {
              "created_at": "2018-03-12T00:00:00Z",
              "id": 15,
              "name": "TypeScript",
              "updated_at": "2018-03-12T00:00:00Z",
            },
            Object {
              "created_at": "2018-03-12T00:00:00Z",
              "id": 16,
              "name": "PHP",
              "updated_at": "2018-03-12T00:00:00Z",
            },
            Object {
              "created_at": "2018-03-12T00:00:00Z",
              "id": 17,
              "name": "People",
              "updated_at": "2018-03-12T00:00:00Z",
            },
          ],
          "horizontal": false,
          "initialNumToRender": 10,
          "keyExtractor": [Function],
          "maxToRenderPerBatch": 10,
          "numColumns": 1,
          "onEndReachedThreshold": 2,
          "renderItem": [Function],
          "scrollEventThrottle": 50,
          "style": Object {
            "flex": 9,
            "marginTop": 0,
          },
          "updateCellsBatchingPeriod": 50,
          "windowSize": 21,
        },
        "ref": null,
        "rendered": null,
        "type": [Function],
      },
      Object {
        "instance": null,
        "key": undefined,
        "nodeType": "class",
        "props": Object {
          "TouchableComponent": [Function],
          "buttonStyle": Object {
            "backgroundColor": "#c0c0c0",
            "borderRadius": 20,
            "borderWidth": 0,
          },
          "clear": false,
          "containerStyle": Object {
            "flex": 1,
          },
          "disabled": false,
          "icon": <Icon
            allowFontScaling={false}
            color="#ffffff"
            name="arrow-right"
            size={15}
          />,
          "iconRight": true,
          "loadingProps": Object {
            "color": "white",
            "size": "small",
          },
          "onPress": [Function],
          "raised": false,
          "title": "submit",
        },
        "ref": null,
        "rendered": null,
        "type": [Function],
      },
    ],
    "type": [Function],
  },
  Symbol(enzyme.__nodes__): Array [
    Object {
      "instance": null,
      "key": undefined,
      "nodeType": "class",
      "props": Object {
        "children": Array [
          <FlatList
            data={
              Array [
                Object {
                  "created_at": "2018-03-10T00:00:00Z",
                  "id": 1,
                  "name": "Ruby",
                  "updated_at": "2018-03-10T00:00:00Z",
                },
                Object {
                  "created_at": "2018-03-10T00:00:00Z",
                  "id": 2,
                  "name": "Android",
                  "updated_at": "2018-03-10T00:00:00Z",
                },
                Object {
                  "created_at": "2018-03-10T00:00:00Z",
                  "id": 3,
                  "name": "Go",
                  "updated_at": "2018-03-10T00:00:00Z",
                },
                Object {
                  "created_at": "2018-03-10T00:00:00Z",
                  "id": 4,
                  "name": "Swift",
                  "updated_at": "2018-03-10T00:00:00Z",
                },
                Object {
                  "created_at": "2018-03-10T00:00:00Z",
                  "id": 10,
                  "name": "Python",
                  "updated_at": "2018-03-10T00:00:00Z",
                },
                Object {
                  "created_at": "2018-03-10T00:00:00Z",
                  "id": 11,
                  "name": "C",
                  "updated_at": "2018-03-10T00:00:00Z",
                },
                Object {
                  "created_at": "2018-03-10T00:00:00Z",
                  "id": 12,
                  "name": "JavaScript",
                  "updated_at": "2018-03-10T00:00:00Z",
                },
                Object {
                  "created_at": "2018-03-12T00:00:00Z",
                  "id": 13,
                  "name": "HTML",
                  "updated_at": "2018-03-12T00:00:00Z",
                },
                Object {
                  "created_at": "2018-03-12T00:00:00Z",
                  "id": 14,
                  "name": "CSS",
                  "updated_at": "2018-03-12T00:00:00Z",
                },
                Object {
                  "created_at": "2018-03-12T00:00:00Z",
                  "id": 15,
                  "name": "TypeScript",
                  "updated_at": "2018-03-12T00:00:00Z",
                },
                Object {
                  "created_at": "2018-03-12T00:00:00Z",
                  "id": 16,
                  "name": "PHP",
                  "updated_at": "2018-03-12T00:00:00Z",
                },
                Object {
                  "created_at": "2018-03-12T00:00:00Z",
                  "id": 17,
                  "name": "People",
                  "updated_at": "2018-03-12T00:00:00Z",
                },
              ]
            }
            disableVirtualization={false}
            extraData={
              Array [
                Object {
                  "created_at": "2018-03-10T00:00:00Z",
                  "id": 1,
                  "name": "Ruby",
                  "updated_at": "2018-03-10T00:00:00Z",
                },
                Object {
                  "created_at": "2018-03-10T00:00:00Z",
                  "id": 2,
                  "name": "Android",
                  "updated_at": "2018-03-10T00:00:00Z",
                },
                Object {
                  "created_at": "2018-03-10T00:00:00Z",
                  "id": 3,
                  "name": "Go",
                  "updated_at": "2018-03-10T00:00:00Z",
                },
                Object {
                  "created_at": "2018-03-10T00:00:00Z",
                  "id": 4,
                  "name": "Swift",
                  "updated_at": "2018-03-10T00:00:00Z",
                },
                Object {
                  "created_at": "2018-03-10T00:00:00Z",
                  "id": 10,
                  "name": "Python",
                  "updated_at": "2018-03-10T00:00:00Z",
                },
                Object {
                  "created_at": "2018-03-10T00:00:00Z",
                  "id": 11,
                  "name": "C",
                  "updated_at": "2018-03-10T00:00:00Z",
                },
                Object {
                  "created_at": "2018-03-10T00:00:00Z",
                  "id": 12,
                  "name": "JavaScript",
                  "updated_at": "2018-03-10T00:00:00Z",
                },
                Object {
                  "created_at": "2018-03-12T00:00:00Z",
                  "id": 13,
                  "name": "HTML",
                  "updated_at": "2018-03-12T00:00:00Z",
                },
                Object {
                  "created_at": "2018-03-12T00:00:00Z",
                  "id": 14,
                  "name": "CSS",
                  "updated_at": "2018-03-12T00:00:00Z",
                },
                Object {
                  "created_at": "2018-03-12T00:00:00Z",
                  "id": 15,
                  "name": "TypeScript",
                  "updated_at": "2018-03-12T00:00:00Z",
                },
                Object {
                  "created_at": "2018-03-12T00:00:00Z",
                  "id": 16,
                  "name": "PHP",
                  "updated_at": "2018-03-12T00:00:00Z",
                },
                Object {
                  "created_at": "2018-03-12T00:00:00Z",
                  "id": 17,
                  "name": "People",
                  "updated_at": "2018-03-12T00:00:00Z",
                },
              ]
            }
            horizontal={false}
            initialNumToRender={10}
            keyExtractor={[Function]}
            maxToRenderPerBatch={10}
            numColumns={1}
            onEndReachedThreshold={2}
            renderItem={[Function]}
            scrollEventThrottle={50}
            style={
              Object {
                "flex": 9,
                "marginTop": 0,
              }
            }
            updateCellsBatchingPeriod={50}
            windowSize={21}
          />,
          <Button
            TouchableComponent={[Function]}
            buttonStyle={
              Object {
                "backgroundColor": "#c0c0c0",
                "borderRadius": 20,
                "borderWidth": 0,
              }
            }
            clear={false}
            containerStyle={
              Object {
                "flex": 1,
              }
            }
            disabled={false}
            icon={
              <Icon
                allowFontScaling={false}
                color="#ffffff"
                name="arrow-right"
                size={15}
              />
            }
            iconRight={true}
            loadingProps={
              Object {
                "color": "white",
                "size": "small",
              }
            }
            onPress={[Function]}
            raised={false}
            title="submit"
          />,
        ],
        "style": Object {
          "backgroundColor": "#ffffff",
          "flex": 1,
        },
      },
      "ref": null,
      "rendered": Array [
        Object {
          "instance": null,
          "key": undefined,
          "nodeType": "class",
          "props": Object {
            "data": Array [
              Object {
                "created_at": "2018-03-10T00:00:00Z",
                "id": 1,
                "name": "Ruby",
                "updated_at": "2018-03-10T00:00:00Z",
              },
              Object {
                "created_at": "2018-03-10T00:00:00Z",
                "id": 2,
                "name": "Android",
                "updated_at": "2018-03-10T00:00:00Z",
              },
              Object {
                "created_at": "2018-03-10T00:00:00Z",
                "id": 3,
                "name": "Go",
                "updated_at": "2018-03-10T00:00:00Z",
              },
              Object {
                "created_at": "2018-03-10T00:00:00Z",
                "id": 4,
                "name": "Swift",
                "updated_at": "2018-03-10T00:00:00Z",
              },
              Object {
                "created_at": "2018-03-10T00:00:00Z",
                "id": 10,
                "name": "Python",
                "updated_at": "2018-03-10T00:00:00Z",
              },
              Object {
                "created_at": "2018-03-10T00:00:00Z",
                "id": 11,
                "name": "C",
                "updated_at": "2018-03-10T00:00:00Z",
              },
              Object {
                "created_at": "2018-03-10T00:00:00Z",
                "id": 12,
                "name": "JavaScript",
                "updated_at": "2018-03-10T00:00:00Z",
              },
              Object {
                "created_at": "2018-03-12T00:00:00Z",
                "id": 13,
                "name": "HTML",
                "updated_at": "2018-03-12T00:00:00Z",
              },
              Object {
                "created_at": "2018-03-12T00:00:00Z",
                "id": 14,
                "name": "CSS",
                "updated_at": "2018-03-12T00:00:00Z",
              },
              Object {
                "created_at": "2018-03-12T00:00:00Z",
                "id": 15,
                "name": "TypeScript",
                "updated_at": "2018-03-12T00:00:00Z",
              },
              Object {
                "created_at": "2018-03-12T00:00:00Z",
                "id": 16,
                "name": "PHP",
                "updated_at": "2018-03-12T00:00:00Z",
              },
              Object {
                "created_at": "2018-03-12T00:00:00Z",
                "id": 17,
                "name": "People",
                "updated_at": "2018-03-12T00:00:00Z",
              },
            ],
            "disableVirtualization": false,
            "extraData": Array [
              Object {
                "created_at": "2018-03-10T00:00:00Z",
                "id": 1,
                "name": "Ruby",
                "updated_at": "2018-03-10T00:00:00Z",
              },
              Object {
                "created_at": "2018-03-10T00:00:00Z",
                "id": 2,
                "name": "Android",
                "updated_at": "2018-03-10T00:00:00Z",
              },
              Object {
                "created_at": "2018-03-10T00:00:00Z",
                "id": 3,
                "name": "Go",
                "updated_at": "2018-03-10T00:00:00Z",
              },
              Object {
                "created_at": "2018-03-10T00:00:00Z",
                "id": 4,
                "name": "Swift",
                "updated_at": "2018-03-10T00:00:00Z",
              },
              Object {
                "created_at": "2018-03-10T00:00:00Z",
                "id": 10,
                "name": "Python",
                "updated_at": "2018-03-10T00:00:00Z",
              },
              Object {
                "created_at": "2018-03-10T00:00:00Z",
                "id": 11,
                "name": "C",
                "updated_at": "2018-03-10T00:00:00Z",
              },
              Object {
                "created_at": "2018-03-10T00:00:00Z",
                "id": 12,
                "name": "JavaScript",
                "updated_at": "2018-03-10T00:00:00Z",
              },
              Object {
                "created_at": "2018-03-12T00:00:00Z",
                "id": 13,
                "name": "HTML",
                "updated_at": "2018-03-12T00:00:00Z",
              },
              Object {
                "created_at": "2018-03-12T00:00:00Z",
                "id": 14,
                "name": "CSS",
                "updated_at": "2018-03-12T00:00:00Z",
              },
              Object {
                "created_at": "2018-03-12T00:00:00Z",
                "id": 15,
                "name": "TypeScript",
                "updated_at": "2018-03-12T00:00:00Z",
              },
              Object {
                "created_at": "2018-03-12T00:00:00Z",
                "id": 16,
                "name": "PHP",
                "updated_at": "2018-03-12T00:00:00Z",
              },
              Object {
                "created_at": "2018-03-12T00:00:00Z",
                "id": 17,
                "name": "People",
                "updated_at": "2018-03-12T00:00:00Z",
              },
            ],
            "horizontal": false,
            "initialNumToRender": 10,
            "keyExtractor": [Function],
            "maxToRenderPerBatch": 10,
            "numColumns": 1,
            "onEndReachedThreshold": 2,
            "renderItem": [Function],
            "scrollEventThrottle": 50,
            "style": Object {
              "flex": 9,
              "marginTop": 0,
            },
            "updateCellsBatchingPeriod": 50,
            "windowSize": 21,
          },
          "ref": null,
          "rendered": null,
          "type": [Function],
        },
        Object {
          "instance": null,
          "key": undefined,
          "nodeType": "class",
          "props": Object {
            "TouchableComponent": [Function],
            "buttonStyle": Object {
              "backgroundColor": "#c0c0c0",
              "borderRadius": 20,
              "borderWidth": 0,
            },
            "clear": false,
            "containerStyle": Object {
              "flex": 1,
            },
            "disabled": false,
            "icon": <Icon
              allowFontScaling={false}
              color="#ffffff"
              name="arrow-right"
              size={15}
            />,
            "iconRight": true,
            "loadingProps": Object {
              "color": "white",
              "size": "small",
            },
            "onPress": [Function],
            "raised": false,
            "title": "submit",
          },
          "ref": null,
          "rendered": null,
          "type": [Function],
        },
      ],
      "type": [Function],
    },
  ],
  Symbol(enzyme.__options__): Object {
    "adapter": ReactSixteenAdapter {
      "options": Object {
        "enableComponentDidUpdateOnSetState": true,
      },
    },
  },
}
`;
